{
  "Label": null,
  "Path": null,
  "Data": {
    "sectionById": {
      "id": "600dca30-c6e2-4035-ad15-783c122d6ea3",
      "name": "Desert",
      "menu": {
        "id": "600dca30-c6e2-4035-ad15-783c122d6ea1",
        "name": "Cafe comfort and waffles",
        "description": "The cafe is all about food to make you feel better when you can't face the world or feel like you are going crazy. Have an all day breakfast, your mothers Sunday roast or help yourself to the biggest bowl of ice-cream will lots of extras"
      }
    }
  },
  "Errors": null,
  "Extensions": null,
  "ContextData": null,
  "HasNext": null
}
