{
  "Label": null,
  "Path": null,
  "Data": null,
  "Errors": [
    {
      "Message": "The field `id` does not exist on the type `OrderConnection`.",
      "Code": null,
      "Path": {
        "Parent": null,
        "Depth": 0,
        "Name": "orders"
      },
      "Locations": [
        {
          "Line": 4,
          "Column": 33
        }
      ],
      "Extensions": {
        "type": "OrderConnection",
        "field": "id",
        "responseName": "id",
        "specifiedBy": "http://spec.graphql.org/June2018/#sec-Field-Selections-on-Objects-Interfaces-and-Unions-Types"
      },
      "Exception": null
    },
    {
      "Message": "The field `name` does not exist on the type `OrderConnection`.",
      "Code": null,
      "Path": {
        "Parent": null,
        "Depth": 0,
        "Name": "orders"
      },
      "Locations": [
        {
          "Line": 5,
          "Column": 33
        }
      ],
      "Extensions": {
        "type": "OrderConnection",
        "field": "name",
        "responseName": "name",
        "specifiedBy": "http://spec.graphql.org/June2018/#sec-Field-Selections-on-Objects-Interfaces-and-Unions-Types"
      },
      "Exception": null
    },
    {
      "Message": "The field `address1` does not exist on the type `OrderConnection`.",
      "Code": null,
      "Path": {
        "Parent": null,
        "Depth": 0,
        "Name": "orders"
      },
      "Locations": [
        {
          "Line": 6,
          "Column": 33
        }
      ],
      "Extensions": {
        "type": "OrderConnection",
        "field": "address1",
        "responseName": "address1",
        "specifiedBy": "http://spec.graphql.org/June2018/#sec-Field-Selections-on-Objects-Interfaces-and-Unions-Types"
      },
      "Exception": null
    },
    {
      "Message": "The field `address2` does not exist on the type `OrderConnection`.",
      "Code": null,
      "Path": {
        "Parent": null,
        "Depth": 0,
        "Name": "orders"
      },
      "Locations": [
        {
          "Line": 7,
          "Column": 33
        }
      ],
      "Extensions": {
        "type": "OrderConnection",
        "field": "address2",
        "responseName": "address2",
        "specifiedBy": "http://spec.graphql.org/June2018/#sec-Field-Selections-on-Objects-Interfaces-and-Unions-Types"
      },
      "Exception": null
    },
    {
      "Message": "The field `town` does not exist on the type `OrderConnection`.",
      "Code": null,
      "Path": {
        "Parent": null,
        "Depth": 0,
        "Name": "orders"
      },
      "Locations": [
        {
          "Line": 8,
          "Column": 33
        }
      ],
      "Extensions": {
        "type": "OrderConnection",
        "field": "town",
        "responseName": "town",
        "specifiedBy": "http://spec.graphql.org/June2018/#sec-Field-Selections-on-Objects-Interfaces-and-Unions-Types"
      },
      "Exception": null
    },
    {
      "Message": "The field `postcode` does not exist on the type `OrderConnection`.",
      "Code": null,
      "Path": {
        "Parent": null,
        "Depth": 0,
        "Name": "orders"
      },
      "Locations": [
        {
          "Line": 9,
          "Column": 33
        }
      ],
      "Extensions": {
        "type": "OrderConnection",
        "field": "postcode",
        "responseName": "postcode",
        "specifiedBy": "http://spec.graphql.org/June2018/#sec-Field-Selections-on-Objects-Interfaces-and-Unions-Types"
      },
      "Exception": null
    },
    {
      "Message": "The field `phone` does not exist on the type `OrderConnection`.",
      "Code": null,
      "Path": {
        "Parent": null,
        "Depth": 0,
        "Name": "orders"
      },
      "Locations": [
        {
          "Line": 10,
          "Column": 33
        }
      ],
      "Extensions": {
        "type": "OrderConnection",
        "field": "phone",
        "responseName": "phone",
        "specifiedBy": "http://spec.graphql.org/June2018/#sec-Field-Selections-on-Objects-Interfaces-and-Unions-Types"
      },
      "Exception": null
    },
    {
      "Message": "The field `email` does not exist on the type `OrderConnection`.",
      "Code": null,
      "Path": {
        "Parent": null,
        "Depth": 0,
        "Name": "orders"
      },
      "Locations": [
        {
          "Line": 11,
          "Column": 33
        }
      ],
      "Extensions": {
        "type": "OrderConnection",
        "field": "email",
        "responseName": "email",
        "specifiedBy": "http://spec.graphql.org/June2018/#sec-Field-Selections-on-Objects-Interfaces-and-Unions-Types"
      },
      "Exception": null
    },
    {
      "Message": "The field `deliveryInstructions` does not exist on the type `OrderConnection`.",
      "Code": null,
      "Path": {
        "Parent": null,
        "Depth": 0,
        "Name": "orders"
      },
      "Locations": [
        {
          "Line": 12,
          "Column": 33
        }
      ],
      "Extensions": {
        "type": "OrderConnection",
        "field": "deliveryInstructions",
        "responseName": "deliveryInstructions",
        "specifiedBy": "http://spec.graphql.org/June2018/#sec-Field-Selections-on-Objects-Interfaces-and-Unions-Types"
      },
      "Exception": null
    },
    {
      "Message": "The field `items` does not exist on the type `OrderConnection`.",
      "Code": null,
      "Path": {
        "Parent": null,
        "Depth": 0,
        "Name": "orders"
      },
      "Locations": [
        {
          "Line": 13,
          "Column": 33
        }
      ],
      "Extensions": {
        "type": "OrderConnection",
        "field": "items",
        "responseName": "items",
        "specifiedBy": "http://spec.graphql.org/June2018/#sec-Field-Selections-on-Objects-Interfaces-and-Unions-Types"
      },
      "Exception": null
    }
  ],
  "Extensions": null,
  "ContextData": {
    "HotChocolate.Execution.ValidationErrors": true
  },
  "HasNext": null
}
